Traceback (most recent call last):
  File "/home/chiaa/Documents/libre-mp/epson_projector/client.py", line 38, in connect_and_negotiate
    self._authenticate_session()
    ~~~~~~~~~~~~~~~~~~~~~~~~~~^^
  File "/home/chiaa/Documents/libre-mp/epson_projector/client.py", line 63, in _authenticate_session
    self.s_auth.connect((self.projector_ip, config.PORT_CONTROL))
    ~~~~~~~~~~~~~~~~~~~^^^^^^^^^^^^^^^^^^^^^^^^^^^^^^^^^^^^^^^^^^
TimeoutError: timed out
Initializing client...
Connecting...
[*] Starting deterministic negotiation sequence with 192.168.88.1...
[*] 1. Opening Authentication Channel (Port 3620)...
[-] Negotiation failed: timed out

[*] Disconnecting client...
Negotiation failed.
